
RAxML-NG v. 1.2.2 released on 30.04.2024 by The Exelixis Lab.
Developed by: Alexey M. Kozlov and Alexandros Stamatakis.
Contributors: Diego Darriba, Tomas Flouri, Benoit Morel, Sarah Lutteropp, Ben Bettisworth, Julia Haag, Anastasis Togkousidis.
Latest version: https://github.com/amkozlov/raxml-ng
Questions/problems/suggestions? Please visit: https://groups.google.com/forum/#!forum/raxml

System: Apple M2, 8 cores, 16 GB RAM

RAxML-NG was called at 12-Mar-2026 13:22:20 as follows:

raxml-ng --bootstrap --msa results/mafft_check.raxml.reduced.phy --model GTR+G --prefix results/mafft_boot

Analysis options:
  run mode: Bootstrapping
  start tree(s): 
  bootstrap replicates: parsimony (max: 1000) + bootstopping (autoMRE, cutoff: 0.030000)
  random seed: 1773339740
  tip-inner: OFF
  pattern compression: ON
  per-rate scalers: OFF
  site repeats: ON
  logLH epsilon: general: 0.100000, brlen-triplet: 1000.000000
  fast spr radius: AUTO
  spr subtree cutoff: 1.000000
  fast CLV updates: ON
  branch lengths: proportional (ML estimate, algorithm: NR-FAST)
  SIMD kernels: SSE3
  parallelization: coarse-grained (auto), PTHREADS (auto)

[00:00:00] Reading alignment from file: results/mafft_check.raxml.reduced.phy
[00:00:00] Loaded alignment with 14 taxa and 3094 sites

Alignment comprises 1 partitions and 332 patterns

Partition 0: noname
Model: GTR+FO+G4m
Alignment sites / patterns: 3094 / 332
Gaps: 2.61 %
Invariant sites: 76.31 %


NOTE: Binary MSA file created: results/mafft_boot.raxml.rba

Parallelization scheme autoconfig: 8 worker(s) x 1 thread(s)

Parallel reduction/worker buffer size: 1 KB  / 0 KB

[00:00:00] Data distribution: max. partitions/sites/weight per thread: 1 / 332 / 5312
[00:00:00] Data distribution: max. searches per worker: 125
[00:00:00] Starting bootstrapping analysis with 1000 replicates.

[00:00:00] [worker #3] Bootstrap tree #4, logLikelihood: -9218.291507
[00:00:00] [worker #5] Bootstrap tree #6, logLikelihood: -9294.324946
[00:00:00] [worker #7] Bootstrap tree #8, logLikelihood: -9093.231890
[00:00:00] [worker #6] Bootstrap tree #7, logLikelihood: -9206.292110
[00:00:00] [worker #0] Bootstrap tree #1, logLikelihood: -9261.086285
[00:00:00] [worker #4] Bootstrap tree #5, logLikelihood: -9118.375081
[00:00:00] [worker #1] Bootstrap tree #2, logLikelihood: -9143.712315
[00:00:00] [worker #2] Bootstrap tree #3, logLikelihood: -9278.574986
[00:00:00] [worker #5] Bootstrap tree #14, logLikelihood: -9312.984843
[00:00:00] [worker #3] Bootstrap tree #12, logLikelihood: -9240.634470
[00:00:00] [worker #7] Bootstrap tree #16, logLikelihood: -9229.031517
[00:00:00] [worker #0] Bootstrap tree #9, logLikelihood: -9290.409273
[00:00:00] [worker #6] Bootstrap tree #15, logLikelihood: -9463.944422
[00:00:00] [worker #4] Bootstrap tree #13, logLikelihood: -9092.393318
[00:00:00] [worker #1] Bootstrap tree #10, logLikelihood: -9286.803998
[00:00:00] [worker #2] Bootstrap tree #11, logLikelihood: -9223.692886
[00:00:00] [worker #3] Bootstrap tree #20, logLikelihood: -9591.809387
[00:00:00] [worker #6] Bootstrap tree #23, logLikelihood: -9257.759902
[00:00:00] [worker #5] Bootstrap tree #22, logLikelihood: -9300.680998
[00:00:00] [worker #7] Bootstrap tree #24, logLikelihood: -9498.834804
[00:00:01] [worker #1] Bootstrap tree #18, logLikelihood: -9221.898302
[00:00:01] [worker #0] Bootstrap tree #17, logLikelihood: -9506.594235
[00:00:01] [worker #4] Bootstrap tree #21, logLikelihood: -9009.902851
[00:00:01] [worker #2] Bootstrap tree #19, logLikelihood: -9558.167216
[00:00:01] [worker #6] Bootstrap tree #31, logLikelihood: -9249.388225
[00:00:01] [worker #3] Bootstrap tree #28, logLikelihood: -9348.903218
[00:00:01] [worker #5] Bootstrap tree #30, logLikelihood: -9384.798827
[00:00:01] [worker #7] Bootstrap tree #32, logLikelihood: -9312.300128
[00:00:01] [worker #1] Bootstrap tree #26, logLikelihood: -9199.648971
[00:00:01] [worker #4] Bootstrap tree #29, logLikelihood: -9154.629902
[00:00:01] [worker #0] Bootstrap tree #25, logLikelihood: -9432.792621
[00:00:01] [worker #2] Bootstrap tree #27, logLikelihood: -9217.913666
[00:00:01] [worker #6] Bootstrap tree #39, logLikelihood: -9071.294512
[00:00:01] [worker #3] Bootstrap tree #36, logLikelihood: -9296.786395
[00:00:01] [worker #5] Bootstrap tree #38, logLikelihood: -9402.266742
[00:00:01] [worker #7] Bootstrap tree #40, logLikelihood: -9487.023050
[00:00:01] [worker #0] Bootstrap tree #33, logLikelihood: -9145.333500
[00:00:01] [worker #4] Bootstrap tree #37, logLikelihood: -9233.879512
[00:00:01] [worker #1] Bootstrap tree #34, logLikelihood: -9322.683626
[00:00:01] [worker #6] Bootstrap tree #47, logLikelihood: -9260.194909
[00:00:01] [worker #3] Bootstrap tree #44, logLikelihood: -9185.532670
[00:00:01] [worker #7] Bootstrap tree #48, logLikelihood: -8725.534725
[00:00:01] [worker #2] Bootstrap tree #35, logLikelihood: -9519.855399
[00:00:01] [worker #5] Bootstrap tree #46, logLikelihood: -9225.470248
[00:00:01] [worker #4] Bootstrap tree #45, logLikelihood: -9384.275486
[00:00:01] [worker #0] Bootstrap tree #41, logLikelihood: -9475.760332
[00:00:02] [worker #1] Bootstrap tree #42, logLikelihood: -9277.571793
[00:00:02] [worker #2] Bootstrap tree #43, logLikelihood: -9435.373733
[00:00:02] [worker #0] Bootstrap tree #49, logLikelihood: -9291.460939
[00:00:02] [worker #1] Bootstrap tree #50, logLikelihood: -9545.684209
[00:00:02] [worker #3] Bootstrap tree #52, logLikelihood: -9096.763475
[00:00:02] [worker #1] Bootstrap tree #58, logLikelihood: -9346.290265
[00:00:02] [worker #6] Bootstrap tree #55, logLikelihood: -9241.361809
[00:00:02] [worker #0] Bootstrap tree #57, logLikelihood: -9281.398646
[00:00:02] [worker #7] Bootstrap tree #56, logLikelihood: -9390.309594
[00:00:02] [worker #4] Bootstrap tree #53, logLikelihood: -9416.202432
[00:00:02] [worker #2] Bootstrap tree #51, logLikelihood: -9322.586503
[00:00:02] [worker #5] Bootstrap tree #54, logLikelihood: -9029.941176
[00:00:02] [worker #1] Bootstrap tree #66, logLikelihood: -9164.816477
[00:00:02] [worker #3] Bootstrap tree #60, logLikelihood: -9220.139924
[00:00:02] [worker #4] Bootstrap tree #61, logLikelihood: -9308.129159
[00:00:02] [worker #2] Bootstrap tree #59, logLikelihood: -9089.738217
[00:00:02] [worker #7] Bootstrap tree #64, logLikelihood: -9313.095018
[00:00:02] [worker #6] Bootstrap tree #63, logLikelihood: -8815.833212
[00:00:02] [worker #0] Bootstrap tree #65, logLikelihood: -9486.910038
[00:00:03] [worker #5] Bootstrap tree #62, logLikelihood: -9579.427564
[00:00:03] [worker #1] Bootstrap tree #74, logLikelihood: -9080.542228
[00:00:03] [worker #4] Bootstrap tree #69, logLikelihood: -9456.266447
[00:00:03] [worker #3] Bootstrap tree #68, logLikelihood: -9080.338391
[00:00:03] [worker #7] Bootstrap tree #72, logLikelihood: -9530.624738
[00:00:03] [worker #2] Bootstrap tree #67, logLikelihood: -9104.577464
[00:00:03] [worker #6] Bootstrap tree #71, logLikelihood: -9308.320004
[00:00:03] [worker #5] Bootstrap tree #70, logLikelihood: -9322.466606
[00:00:03] [worker #1] Bootstrap tree #82, logLikelihood: -9138.844332
[00:00:03] [worker #4] Bootstrap tree #77, logLikelihood: -9121.051386
[00:00:03] [worker #3] Bootstrap tree #76, logLikelihood: -9218.599497
[00:00:03] [worker #0] Bootstrap tree #73, logLikelihood: -9462.186382
[00:00:03] [worker #2] Bootstrap tree #75, logLikelihood: -9520.118481
[00:00:03] [worker #7] Bootstrap tree #80, logLikelihood: -9222.935495
[00:00:03] [worker #5] Bootstrap tree #78, logLikelihood: -9128.503897
[00:00:03] [worker #6] Bootstrap tree #79, logLikelihood: -9467.969221
[00:00:03] [worker #1] Bootstrap tree #90, logLikelihood: -9379.877127
[00:00:03] [worker #4] Bootstrap tree #85, logLikelihood: -9288.253129
[00:00:03] [worker #3] Bootstrap tree #84, logLikelihood: -8913.492727
[00:00:03] [worker #0] Bootstrap tree #81, logLikelihood: -9587.230006
[00:00:03] [worker #2] Bootstrap tree #83, logLikelihood: -9046.055841
[00:00:03] [worker #7] Bootstrap tree #88, logLikelihood: -9350.822365
[00:00:03] [worker #4] Bootstrap tree #93, logLikelihood: -9310.718711
[00:00:03] [worker #6] Bootstrap tree #87, logLikelihood: -9041.036800
[00:00:04] [worker #5] Bootstrap tree #86, logLikelihood: -9300.047776
[00:00:04] [worker #3] Bootstrap tree #92, logLikelihood: -9319.631005
[00:00:04] [worker #1] Bootstrap tree #98, logLikelihood: -9032.168893
[00:00:04] [worker #0] Bootstrap tree #89, logLikelihood: -9103.599612
[00:00:04] [worker #2] Bootstrap tree #91, logLikelihood: -9283.849176
[00:00:04] [worker #7] Bootstrap tree #96, logLikelihood: -9189.879177
[00:00:04] [worker #6] Bootstrap tree #95, logLikelihood: -9053.021660
[00:00:04] [worker #5] Bootstrap tree #94, logLikelihood: -8915.497388
[00:00:04] [worker #3] Bootstrap tree #100, logLikelihood: -9134.035389
[00:00:04] [worker #0] Bootstrap tree #97, logLikelihood: -9076.066535
[00:00:04] [worker #2] Bootstrap tree #99, logLikelihood: -9293.745196
[00:00:04] [worker #3] Bootstrap tree #108, logLikelihood: -9285.411473
[00:00:04] [worker #5] Bootstrap tree #102, logLikelihood: -9256.662914
[00:00:04] [worker #0] Bootstrap tree #105, logLikelihood: -9258.260932
[00:00:04] [worker #6] Bootstrap tree #103, logLikelihood: -9278.067205
[00:00:04] [worker #2] Bootstrap tree #107, logLikelihood: -9338.417514
[00:00:04] [worker #4] Bootstrap tree #101, logLikelihood: -9133.429011
[00:00:04] [worker #1] Bootstrap tree #106, logLikelihood: -8965.155526
[00:00:04] [worker #7] Bootstrap tree #104, logLikelihood: -9235.377162
[00:00:04] [worker #3] Bootstrap tree #116, logLikelihood: -9240.738919
[00:00:05] [worker #5] Bootstrap tree #110, logLikelihood: -9230.866633
[00:00:05] [worker #6] Bootstrap tree #111, logLikelihood: -9464.239462
[00:00:05] [worker #4] Bootstrap tree #109, logLikelihood: -9190.552786
[00:00:05] [worker #2] Bootstrap tree #115, logLikelihood: -9433.669369
[00:00:05] [worker #1] Bootstrap tree #114, logLikelihood: -8879.770366
[00:00:05] [worker #7] Bootstrap tree #112, logLikelihood: -9306.962217
[00:00:05] [worker #3] Bootstrap tree #124, logLikelihood: -9139.318769
[00:00:05] [worker #0] Bootstrap tree #113, logLikelihood: -9394.404379
[00:00:05] [worker #5] Bootstrap tree #118, logLikelihood: -9333.449171
[00:00:05] [worker #6] Bootstrap tree #119, logLikelihood: -9602.050500
[00:00:05] [worker #2] Bootstrap tree #123, logLikelihood: -9170.915870
[00:00:05] [worker #7] Bootstrap tree #120, logLikelihood: -9335.161952
[00:00:05] [worker #3] Bootstrap tree #132, logLikelihood: -9312.902861
[00:00:05] [worker #4] Bootstrap tree #117, logLikelihood: -9137.521667
[00:00:05] [worker #1] Bootstrap tree #122, logLikelihood: -9436.316689
[00:00:05] [worker #0] Bootstrap tree #121, logLikelihood: -9137.572068
[00:00:05] [worker #5] Bootstrap tree #126, logLikelihood: -9336.562173
[00:00:05] [worker #2] Bootstrap tree #131, logLikelihood: -9715.486318
[00:00:05] [worker #3] Bootstrap tree #140, logLikelihood: -9213.585103
[00:00:05] [worker #6] Bootstrap tree #127, logLikelihood: -9198.280883
[00:00:05] [worker #4] Bootstrap tree #125, logLikelihood: -9103.226570
[00:00:05] [worker #7] Bootstrap tree #128, logLikelihood: -9238.374667
[00:00:05] [worker #0] Bootstrap tree #129, logLikelihood: -9055.894368
[00:00:05] [worker #1] Bootstrap tree #130, logLikelihood: -9659.251048
[00:00:05] [worker #5] Bootstrap tree #134, logLikelihood: -9203.558108
[00:00:05] [worker #2] Bootstrap tree #139, logLikelihood: -9163.260685
[00:00:06] [worker #4] Bootstrap tree #133, logLikelihood: -9253.787040
[00:00:06] [worker #6] Bootstrap tree #135, logLikelihood: -9311.043938
[00:00:06] [worker #3] Bootstrap tree #148, logLikelihood: -9152.525417
[00:00:06] [worker #7] Bootstrap tree #136, logLikelihood: -9090.606012
[00:00:06] [worker #1] Bootstrap tree #138, logLikelihood: -9456.274118
[00:00:06] [worker #0] Bootstrap tree #137, logLikelihood: -8979.856259
[00:00:06] [worker #5] Bootstrap tree #142, logLikelihood: -9237.986563
[00:00:06] [worker #2] Bootstrap tree #147, logLikelihood: -9361.270280
[00:00:06] [worker #4] Bootstrap tree #141, logLikelihood: -9242.948824
[00:00:06] [worker #6] Bootstrap tree #143, logLikelihood: -8950.790543
[00:00:06] [worker #7] Bootstrap tree #144, logLikelihood: -9450.312042
[00:00:06] [worker #1] Bootstrap tree #146, logLikelihood: -9269.100175
[00:00:06] [worker #5] Bootstrap tree #150, logLikelihood: -9581.451681
[00:00:06] [worker #0] Bootstrap tree #145, logLikelihood: -9292.505316
[00:00:06] [worker #4] Bootstrap tree #149, logLikelihood: -9272.252387
[00:00:06] [worker #1] Bootstrap tree #154, logLikelihood: -9286.662995
[00:00:06] [worker #0] Bootstrap tree #153, logLikelihood: -9191.020375
[00:00:06] [worker #5] Bootstrap tree #158, logLikelihood: -9226.720208
[00:00:06] [worker #3] Bootstrap tree #156, logLikelihood: -9199.148795
[00:00:06] [worker #7] Bootstrap tree #152, logLikelihood: -9058.228989
[00:00:06] [worker #2] Bootstrap tree #155, logLikelihood: -9032.530873
[00:00:06] [worker #6] Bootstrap tree #151, logLikelihood: -9136.286322
[00:00:06] [worker #4] Bootstrap tree #157, logLikelihood: -9304.447744
[00:00:06] [worker #1] Bootstrap tree #162, logLikelihood: -9093.454146
[00:00:07] [worker #3] Bootstrap tree #164, logLikelihood: -9567.465184
[00:00:07] [worker #2] Bootstrap tree #163, logLikelihood: -8871.916174
[00:00:07] [worker #0] Bootstrap tree #161, logLikelihood: -9298.062750
[00:00:07] [worker #5] Bootstrap tree #166, logLikelihood: -9269.084495
[00:00:07] [worker #6] Bootstrap tree #159, logLikelihood: -9382.164138
[00:00:07] [worker #7] Bootstrap tree #160, logLikelihood: -9474.860018
[00:00:07] [worker #1] Bootstrap tree #170, logLikelihood: -9214.561703
[00:00:07] [worker #4] Bootstrap tree #165, logLikelihood: -9266.169200
[00:00:07] [worker #5] Bootstrap tree #174, logLikelihood: -9114.521901
[00:00:07] [worker #0] Bootstrap tree #169, logLikelihood: -9359.893751
[00:00:07] [worker #3] Bootstrap tree #172, logLikelihood: -9077.093484
[00:00:07] [worker #7] Bootstrap tree #168, logLikelihood: -9362.588633
[00:00:07] [worker #2] Bootstrap tree #171, logLikelihood: -9301.978618
[00:00:07] [worker #6] Bootstrap tree #167, logLikelihood: -9368.421311
[00:00:07] [worker #1] Bootstrap tree #178, logLikelihood: -9316.705298
[00:00:07] [worker #3] Bootstrap tree #180, logLikelihood: -9155.891712
[00:00:07] [worker #4] Bootstrap tree #173, logLikelihood: -9137.395913
[00:00:07] [worker #0] Bootstrap tree #177, logLikelihood: -9171.436608
[00:00:07] [worker #5] Bootstrap tree #182, logLikelihood: -9276.726579
[00:00:07] [worker #7] Bootstrap tree #176, logLikelihood: -9336.601133
[00:00:07] [worker #6] Bootstrap tree #175, logLikelihood: -8826.714873
[00:00:07] [worker #2] Bootstrap tree #179, logLikelihood: -9190.121828
[00:00:07] [worker #3] Bootstrap tree #188, logLikelihood: -9340.507731
[00:00:07] [worker #1] Bootstrap tree #186, logLikelihood: -9281.962863
[00:00:07] [worker #5] Bootstrap tree #190, logLikelihood: -9214.080591
[00:00:07] [worker #4] Bootstrap tree #181, logLikelihood: -9135.359754
[00:00:08] [worker #0] Bootstrap tree #185, logLikelihood: -9017.159436
[00:00:08] [worker #6] Bootstrap tree #183, logLikelihood: -9133.224810
[00:00:08] [worker #7] Bootstrap tree #184, logLikelihood: -9139.919849
[00:00:08] [worker #1] Bootstrap tree #194, logLikelihood: -9313.906627
[00:00:08] [worker #2] Bootstrap tree #187, logLikelihood: -9173.270772
[00:00:08] [worker #4] Bootstrap tree #189, logLikelihood: -9004.167306
[00:00:08] [worker #3] Bootstrap tree #196, logLikelihood: -8970.169407
[00:00:08] [worker #5] Bootstrap tree #198, logLikelihood: -9251.271463
[00:00:08] [worker #0] Bootstrap tree #193, logLikelihood: -9315.143001
[00:00:08] [worker #6] Bootstrap tree #191, logLikelihood: -9279.021954
[00:00:08] [worker #4] Bootstrap tree #197, logLikelihood: -9400.254151
[00:00:08] [worker #7] Bootstrap tree #192, logLikelihood: -9319.230396
[00:00:08] [worker #2] Bootstrap tree #195, logLikelihood: -9325.045304
[00:00:08] [worker #6] Bootstrap tree #199, logLikelihood: -9318.543690
[00:00:08] [worker #7] Bootstrap tree #200, logLikelihood: -9450.177040
[00:00:09] [worker #1] Bootstrap tree #202, logLikelihood: -9201.189727
[00:00:09] [worker #5] Bootstrap tree #206, logLikelihood: -9170.830703
[00:00:09] [worker #6] Bootstrap tree #207, logLikelihood: -9273.520786
[00:00:09] [worker #4] Bootstrap tree #205, logLikelihood: -9187.868908
[00:00:09] [worker #2] Bootstrap tree #203, logLikelihood: -9494.294179
[00:00:09] [worker #0] Bootstrap tree #201, logLikelihood: -9151.218490
[00:00:09] [worker #3] Bootstrap tree #204, logLikelihood: -9269.427180
[00:00:09] [worker #7] Bootstrap tree #208, logLikelihood: -9187.974374
[00:00:09] [worker #1] Bootstrap tree #210, logLikelihood: -9034.568531
[00:00:09] [worker #3] Bootstrap tree #212, logLikelihood: -9324.893380
[00:00:09] [worker #0] Bootstrap tree #209, logLikelihood: -9308.535404
[00:00:09] [worker #6] Bootstrap tree #215, logLikelihood: -9084.398453
[00:00:09] [worker #2] Bootstrap tree #211, logLikelihood: -9258.614624
[00:00:09] [worker #5] Bootstrap tree #214, logLikelihood: -9401.599963
[00:00:09] [worker #4] Bootstrap tree #213, logLikelihood: -9071.431442
[00:00:09] [worker #7] Bootstrap tree #216, logLikelihood: -9309.071001
[00:00:09] [worker #1] Bootstrap tree #218, logLikelihood: -9487.007183
[00:00:09] [worker #0] Bootstrap tree #217, logLikelihood: -9267.921973
[00:00:09] [worker #5] Bootstrap tree #222, logLikelihood: -9503.276685
[00:00:09] [worker #7] Bootstrap tree #224, logLikelihood: -9258.096242
[00:00:09] [worker #2] Bootstrap tree #219, logLikelihood: -9337.045881
[00:00:09] [worker #4] Bootstrap tree #221, logLikelihood: -9113.342681
[00:00:09] [worker #6] Bootstrap tree #223, logLikelihood: -9415.554840
[00:00:09] [worker #3] Bootstrap tree #220, logLikelihood: -9267.373588
[00:00:09] [worker #5] Bootstrap tree #230, logLikelihood: -9164.664189
[00:00:09] [worker #1] Bootstrap tree #226, logLikelihood: -9275.202104
[00:00:09] [worker #6] Bootstrap tree #231, logLikelihood: -9394.656812
[00:00:09] [worker #2] Bootstrap tree #227, logLikelihood: -9411.514399
[00:00:09] [worker #0] Bootstrap tree #225, logLikelihood: -9226.429343
[00:00:09] [worker #7] Bootstrap tree #232, logLikelihood: -9466.257671
[00:00:10] [worker #3] Bootstrap tree #228, logLikelihood: -9284.686315
[00:00:10] [worker #2] Bootstrap tree #235, logLikelihood: -8994.024642
[00:00:10] [worker #1] Bootstrap tree #234, logLikelihood: -9491.559724
[00:00:10] [worker #5] Bootstrap tree #238, logLikelihood: -9165.303317
[00:00:10] [worker #0] Bootstrap tree #233, logLikelihood: -9444.015885
[00:00:10] [worker #3] Bootstrap tree #236, logLikelihood: -9391.149249
[00:00:10] [worker #6] Bootstrap tree #239, logLikelihood: -9455.406149
[00:00:10] [worker #4] Bootstrap tree #229, logLikelihood: -9437.070058
[00:00:10] [worker #7] Bootstrap tree #240, logLikelihood: -9484.717515
[00:00:10] [worker #1] Bootstrap tree #242, logLikelihood: -9315.508696
[00:00:10] [worker #2] Bootstrap tree #243, logLikelihood: -9184.060774
[00:00:10] [worker #5] Bootstrap tree #246, logLikelihood: -9101.190350
[00:00:10] [worker #0] Bootstrap tree #241, logLikelihood: -9350.732737
[00:00:10] [worker #3] Bootstrap tree #244, logLikelihood: -9071.092228
[00:00:10] [worker #4] Bootstrap tree #237, logLikelihood: -9155.027026
[00:00:10] [worker #6] Bootstrap tree #247, logLikelihood: -9161.199547
[00:00:10] [worker #7] Bootstrap tree #248, logLikelihood: -9271.955564
[00:00:10] [worker #0] Bootstrap tree #249, logLikelihood: -9418.236792
[00:00:10] [worker #1] Bootstrap tree #250, logLikelihood: -9273.975476
[00:00:10] [worker #4] Bootstrap tree #245, logLikelihood: -9365.124691
[00:00:11] [worker #1] Bootstrap tree #258, logLikelihood: -9340.762193
[00:00:11] [worker #7] Bootstrap tree #256, logLikelihood: -9019.885609
[00:00:11] [worker #2] Bootstrap tree #251, logLikelihood: -9320.236138
[00:00:11] [worker #3] Bootstrap tree #252, logLikelihood: -9237.612918
[00:00:11] [worker #6] Bootstrap tree #255, logLikelihood: -9338.419311
[00:00:11] [worker #0] Bootstrap tree #257, logLikelihood: -9434.975635
[00:00:11] [worker #5] Bootstrap tree #254, logLikelihood: -9139.059586
[00:00:11] [worker #4] Bootstrap tree #253, logLikelihood: -9290.795479
[00:00:11] [worker #3] Bootstrap tree #260, logLikelihood: -9130.608398
[00:00:11] [worker #7] Bootstrap tree #264, logLikelihood: -9104.571345
[00:00:11] [worker #6] Bootstrap tree #263, logLikelihood: -9033.059309
[00:00:11] [worker #2] Bootstrap tree #259, logLikelihood: -9084.668945
[00:00:11] [worker #1] Bootstrap tree #266, logLikelihood: -9413.293656
[00:00:11] [worker #0] Bootstrap tree #265, logLikelihood: -9440.311072
[00:00:11] [worker #4] Bootstrap tree #261, logLikelihood: -9286.197260
[00:00:11] [worker #5] Bootstrap tree #262, logLikelihood: -9433.511298
[00:00:11] [worker #6] Bootstrap tree #271, logLikelihood: -9229.185024
[00:00:11] [worker #1] Bootstrap tree #274, logLikelihood: -9317.490273
[00:00:11] [worker #3] Bootstrap tree #268, logLikelihood: -9056.030321
[00:00:11] [worker #2] Bootstrap tree #267, logLikelihood: -9537.188975
[00:00:11] [worker #7] Bootstrap tree #272, logLikelihood: -9262.187827
[00:00:11] [worker #0] Bootstrap tree #273, logLikelihood: -9224.896129
[00:00:12] [worker #4] Bootstrap tree #269, logLikelihood: -9135.618409
[00:00:12] [worker #5] Bootstrap tree #270, logLikelihood: -9031.678020
[00:00:12] [worker #1] Bootstrap tree #282, logLikelihood: -9465.755707
[00:00:12] [worker #6] Bootstrap tree #279, logLikelihood: -8853.114759
[00:00:12] [worker #2] Bootstrap tree #275, logLikelihood: -9533.200004
[00:00:12] [worker #3] Bootstrap tree #276, logLikelihood: -8922.294234
[00:00:12] [worker #4] Bootstrap tree #277, logLikelihood: -9564.760109
[00:00:12] [worker #0] Bootstrap tree #281, logLikelihood: -9320.692915
[00:00:12] [worker #5] Bootstrap tree #278, logLikelihood: -9260.939159
[00:00:12] [worker #7] Bootstrap tree #280, logLikelihood: -9110.073870
[00:00:12] [worker #1] Bootstrap tree #290, logLikelihood: -9066.830423
[00:00:12] [worker #6] Bootstrap tree #287, logLikelihood: -9081.683774
[00:00:12] [worker #2] Bootstrap tree #283, logLikelihood: -9237.802358
[00:00:12] [worker #4] Bootstrap tree #285, logLikelihood: -9382.712208
[00:00:12] [worker #3] Bootstrap tree #284, logLikelihood: -9263.250275
[00:00:12] [worker #7] Bootstrap tree #288, logLikelihood: -8974.139340
[00:00:12] [worker #0] Bootstrap tree #289, logLikelihood: -9193.836540
[00:00:12] [worker #5] Bootstrap tree #286, logLikelihood: -9159.991356
[00:00:12] [worker #2] Bootstrap tree #291, logLikelihood: -9252.535943
[00:00:12] [worker #1] Bootstrap tree #298, logLikelihood: -9308.304984
[00:00:12] [worker #6] Bootstrap tree #295, logLikelihood: -9093.985141
[00:00:12] [worker #4] Bootstrap tree #293, logLikelihood: -9248.841154
[00:00:12] [worker #7] Bootstrap tree #296, logLikelihood: -9174.452983
[00:00:12] [worker #3] Bootstrap tree #292, logLikelihood: -9243.433105
[00:00:12] [worker #0] Bootstrap tree #297, logLikelihood: -9010.035162
[00:00:13] [worker #5] Bootstrap tree #294, logLikelihood: -9228.316454
[00:00:13] [worker #2] Bootstrap tree #299, logLikelihood: -9303.925751
[00:00:13] [worker #3] Bootstrap tree #300, logLikelihood: -9303.595114
[00:00:13] [worker #6] Bootstrap tree #303, logLikelihood: -8924.355394
[00:00:13] [worker #0] Bootstrap tree #305, logLikelihood: -9276.511005
[00:00:13] [worker #1] Bootstrap tree #306, logLikelihood: -9079.151435
[00:00:13] [worker #3] Bootstrap tree #308, logLikelihood: -9408.192277
[00:00:13] [worker #2] Bootstrap tree #307, logLikelihood: -9180.006084
[00:00:13] [worker #5] Bootstrap tree #302, logLikelihood: -9259.094496
[00:00:13] [worker #4] Bootstrap tree #301, logLikelihood: -9317.594616
[00:00:13] [worker #7] Bootstrap tree #304, logLikelihood: -9626.266551
[00:00:13] [worker #3] Bootstrap tree #316, logLikelihood: -9123.077789
[00:00:13] [worker #2] Bootstrap tree #315, logLikelihood: -9418.452183
[00:00:13] [worker #0] Bootstrap tree #313, logLikelihood: -9271.162515
[00:00:13] [worker #6] Bootstrap tree #311, logLikelihood: -9264.708826
[00:00:13] [worker #5] Bootstrap tree #310, logLikelihood: -9411.067954
[00:00:13] [worker #4] Bootstrap tree #309, logLikelihood: -9420.289443
[00:00:13] [worker #7] Bootstrap tree #312, logLikelihood: -9229.903311
[00:00:13] [worker #1] Bootstrap tree #314, logLikelihood: -9271.416994
[00:00:13] [worker #0] Bootstrap tree #321, logLikelihood: -9248.914267
[00:00:13] [worker #2] Bootstrap tree #323, logLikelihood: -9271.043893
[00:00:13] [worker #6] Bootstrap tree #319, logLikelihood: -9357.230503
[00:00:13] [worker #3] Bootstrap tree #324, logLikelihood: -9501.897719
[00:00:14] [worker #1] Bootstrap tree #322, logLikelihood: -9118.130630
[00:00:14] [worker #4] Bootstrap tree #317, logLikelihood: -9078.464565
[00:00:14] [worker #7] Bootstrap tree #320, logLikelihood: -9315.764806
[00:00:14] [worker #5] Bootstrap tree #318, logLikelihood: -9530.441774
[00:00:14] [worker #2] Bootstrap tree #331, logLikelihood: -9352.487295
[00:00:14] [worker #6] Bootstrap tree #327, logLikelihood: -9109.759622
[00:00:14] [worker #0] Bootstrap tree #329, logLikelihood: -9098.644611
[00:00:14] [worker #5] Bootstrap tree #326, logLikelihood: -9003.618223
[00:00:14] [worker #1] Bootstrap tree #330, logLikelihood: -9229.243704
[00:00:14] [worker #3] Bootstrap tree #332, logLikelihood: -9284.296059
[00:00:14] [worker #7] Bootstrap tree #328, logLikelihood: -9187.180054
[00:00:14] [worker #2] Bootstrap tree #339, logLikelihood: -9208.089634
[00:00:14] [worker #4] Bootstrap tree #325, logLikelihood: -9334.368621
[00:00:14] [worker #6] Bootstrap tree #335, logLikelihood: -9299.727020
[00:00:14] [worker #0] Bootstrap tree #337, logLikelihood: -9103.463904
[00:00:14] [worker #5] Bootstrap tree #334, logLikelihood: -9142.526464
[00:00:14] [worker #3] Bootstrap tree #340, logLikelihood: -9392.842341
[00:00:14] [worker #7] Bootstrap tree #336, logLikelihood: -9273.322520
[00:00:14] [worker #1] Bootstrap tree #338, logLikelihood: -9118.368456
[00:00:14] [worker #4] Bootstrap tree #333, logLikelihood: -9249.671008
[00:00:14] [worker #2] Bootstrap tree #347, logLikelihood: -9299.904269
[00:00:14] [worker #6] Bootstrap tree #343, logLikelihood: -9132.335192
[00:00:14] [worker #0] Bootstrap tree #345, logLikelihood: -9650.592539
[00:00:14] [worker #7] Bootstrap tree #344, logLikelihood: -9283.708651
[00:00:14] [worker #5] Bootstrap tree #342, logLikelihood: -9262.846567
[00:00:14] [worker #4] Bootstrap tree #341, logLikelihood: -9328.658025
[00:00:15] [worker #3] Bootstrap tree #348, logLikelihood: -9232.879606
[00:00:15] [worker #1] Bootstrap tree #346, logLikelihood: -9345.072817
[00:00:15] [worker #5] Bootstrap tree #350, logLikelihood: -9305.060057
[00:00:15] [worker #4] Bootstrap tree #349, logLikelihood: -9293.770232
[00:00:15] [worker #7] Bootstrap tree #352, logLikelihood: -9555.112038
[00:00:15] [worker #3] Bootstrap tree #356, logLikelihood: -9333.374714
[00:00:15] [worker #2] Bootstrap tree #355, logLikelihood: -9275.384870
[00:00:15] [worker #4] Bootstrap tree #357, logLikelihood: -9276.274440
[00:00:15] [worker #6] Bootstrap tree #351, logLikelihood: -9076.317184
[00:00:15] [worker #0] Bootstrap tree #353, logLikelihood: -9196.829285
[00:00:15] [worker #5] Bootstrap tree #358, logLikelihood: -9349.910140
[00:00:15] [worker #1] Bootstrap tree #354, logLikelihood: -9126.558232
[00:00:15] [worker #7] Bootstrap tree #360, logLikelihood: -9322.281279
[00:00:15] [worker #3] Bootstrap tree #364, logLikelihood: -9368.819959
[00:00:15] [worker #2] Bootstrap tree #363, logLikelihood: -9233.058966
[00:00:15] [worker #5] Bootstrap tree #366, logLikelihood: -9290.642759
[00:00:15] [worker #6] Bootstrap tree #359, logLikelihood: -9370.399124
[00:00:15] [worker #4] Bootstrap tree #365, logLikelihood: -9182.086388
[00:00:15] [worker #0] Bootstrap tree #361, logLikelihood: -9139.149250
[00:00:15] [worker #1] Bootstrap tree #362, logLikelihood: -9028.349383
[00:00:16] [worker #7] Bootstrap tree #368, logLikelihood: -9191.136046
[00:00:16] [worker #3] Bootstrap tree #372, logLikelihood: -9178.657535
[00:00:16] [worker #6] Bootstrap tree #367, logLikelihood: -9291.953026
[00:00:16] [worker #2] Bootstrap tree #371, logLikelihood: -9229.677550
[00:00:16] [worker #4] Bootstrap tree #373, logLikelihood: -8987.450861
[00:00:16] [worker #1] Bootstrap tree #370, logLikelihood: -9429.634661
[00:00:16] [worker #5] Bootstrap tree #374, logLikelihood: -9025.766105
[00:00:16] [worker #0] Bootstrap tree #369, logLikelihood: -9181.055817
[00:00:16] [worker #3] Bootstrap tree #380, logLikelihood: -9412.867990
[00:00:16] [worker #6] Bootstrap tree #375, logLikelihood: -9122.754455
[00:00:16] [worker #7] Bootstrap tree #376, logLikelihood: -9408.346046
[00:00:16] [worker #1] Bootstrap tree #378, logLikelihood: -9007.177455
[00:00:16] [worker #2] Bootstrap tree #379, logLikelihood: -9261.293084
[00:00:16] [worker #4] Bootstrap tree #381, logLikelihood: -9240.297504
[00:00:16] [worker #5] Bootstrap tree #382, logLikelihood: -9240.098892
[00:00:16] [worker #0] Bootstrap tree #377, logLikelihood: -9207.811336
[00:00:16] [worker #3] Bootstrap tree #388, logLikelihood: -9236.810239
[00:00:16] [worker #1] Bootstrap tree #386, logLikelihood: -8966.154016
[00:00:16] [worker #7] Bootstrap tree #384, logLikelihood: -9239.568279
[00:00:16] [worker #6] Bootstrap tree #383, logLikelihood: -9320.898955
[00:00:16] [worker #4] Bootstrap tree #389, logLikelihood: -9068.058206
[00:00:16] [worker #2] Bootstrap tree #387, logLikelihood: -9227.525610
[00:00:16] [worker #5] Bootstrap tree #390, logLikelihood: -9254.309295
[00:00:16] [worker #0] Bootstrap tree #385, logLikelihood: -9015.073113
[00:00:17] [worker #3] Bootstrap tree #396, logLikelihood: -9187.431690
[00:00:17] [worker #6] Bootstrap tree #391, logLikelihood: -9180.040717
[00:00:17] [worker #1] Bootstrap tree #394, logLikelihood: -9517.495067
[00:00:17] [worker #2] Bootstrap tree #395, logLikelihood: -9213.849682
[00:00:17] [worker #4] Bootstrap tree #397, logLikelihood: -9312.947527
[00:00:17] [worker #7] Bootstrap tree #392, logLikelihood: -9347.788057
[00:00:17] [worker #5] Bootstrap tree #398, logLikelihood: -9232.765312
[00:00:17] [worker #0] Bootstrap tree #393, logLikelihood: -9326.692836
[00:00:17] [worker #6] Bootstrap tree #399, logLikelihood: -9137.348471
[00:00:17] [worker #7] Bootstrap tree #400, logLikelihood: -9141.954774
[00:00:17] [worker #0] Bootstrap tree #401, logLikelihood: -9524.296698
[00:00:17] [worker #5] Bootstrap tree #406, logLikelihood: -9174.489441
[00:00:17] [worker #7] Bootstrap tree #408, logLikelihood: -9281.411135
[00:00:17] [worker #1] Bootstrap tree #402, logLikelihood: -9091.166773
[00:00:17] [worker #3] Bootstrap tree #404, logLikelihood: -9488.200231
[00:00:17] [worker #6] Bootstrap tree #407, logLikelihood: -8940.188873
[00:00:17] [worker #4] Bootstrap tree #405, logLikelihood: -9057.137627
[00:00:17] [worker #2] Bootstrap tree #403, logLikelihood: -9208.170019
[00:00:17] [worker #7] Bootstrap tree #416, logLikelihood: -9192.732138
[00:00:17] [worker #1] Bootstrap tree #410, logLikelihood: -9390.284001
[00:00:17] [worker #0] Bootstrap tree #409, logLikelihood: -9104.447112
[00:00:18] [worker #5] Bootstrap tree #414, logLikelihood: -9128.858472
[00:00:18] [worker #4] Bootstrap tree #413, logLikelihood: -9178.127867
[00:00:18] [worker #3] Bootstrap tree #412, logLikelihood: -9152.531639
[00:00:18] [worker #6] Bootstrap tree #415, logLikelihood: -9124.193728
[00:00:18] [worker #2] Bootstrap tree #411, logLikelihood: -9147.813743
[00:00:18] [worker #5] Bootstrap tree #422, logLikelihood: -9103.869934
[00:00:18] [worker #7] Bootstrap tree #424, logLikelihood: -9272.065630
[00:00:18] [worker #0] Bootstrap tree #417, logLikelihood: -9533.641751
[00:00:18] [worker #1] Bootstrap tree #418, logLikelihood: -9290.168681
[00:00:18] [worker #6] Bootstrap tree #423, logLikelihood: -9179.374328
[00:00:18] [worker #4] Bootstrap tree #421, logLikelihood: -9249.984087
[00:00:18] [worker #3] Bootstrap tree #420, logLikelihood: -9432.627060
[00:00:18] [worker #5] Bootstrap tree #430, logLikelihood: -8994.088942
[00:00:18] [worker #7] Bootstrap tree #432, logLikelihood: -9157.657681
[00:00:18] [worker #2] Bootstrap tree #419, logLikelihood: -9308.818764
[00:00:18] [worker #0] Bootstrap tree #425, logLikelihood: -9271.892501
[00:00:18] [worker #4] Bootstrap tree #429, logLikelihood: -9133.931372
[00:00:18] [worker #6] Bootstrap tree #431, logLikelihood: -8960.380350
[00:00:18] [worker #1] Bootstrap tree #426, logLikelihood: -9052.231777
[00:00:18] [worker #3] Bootstrap tree #428, logLikelihood: -9269.497666
[00:00:18] [worker #2] Bootstrap tree #427, logLikelihood: -9425.805051
[00:00:18] [worker #5] Bootstrap tree #438, logLikelihood: -9273.759983
[00:00:18] [worker #7] Bootstrap tree #440, logLikelihood: -9259.873625
[00:00:18] [worker #0] Bootstrap tree #433, logLikelihood: -9476.014486
[00:00:18] [worker #6] Bootstrap tree #439, logLikelihood: -8995.027498
[00:00:18] [worker #4] Bootstrap tree #437, logLikelihood: -9310.799973
[00:00:18] [worker #1] Bootstrap tree #434, logLikelihood: -9592.370605
[00:00:19] [worker #3] Bootstrap tree #436, logLikelihood: -9378.221960
[00:00:19] [worker #7] Bootstrap tree #448, logLikelihood: -8963.346132
[00:00:19] [worker #2] Bootstrap tree #435, logLikelihood: -9375.786590
[00:00:19] [worker #4] Bootstrap tree #445, logLikelihood: -9150.794475
[00:00:19] [worker #6] Bootstrap tree #447, logLikelihood: -9439.420761
[00:00:19] [worker #5] Bootstrap tree #446, logLikelihood: -9445.007998
[00:00:19] [worker #1] Bootstrap tree #442, logLikelihood: -9322.460694
[00:00:19] [worker #0] Bootstrap tree #441, logLikelihood: -9193.910973
[00:00:19] [worker #3] Bootstrap tree #444, logLikelihood: -9417.867538
[00:00:19] [worker #2] Bootstrap tree #443, logLikelihood: -9176.734499
[00:00:19] [worker #0] Bootstrap tree #449, logLikelihood: -9111.393944
[00:00:19] [worker #1] Bootstrap tree #450, logLikelihood: -9149.895514
[00:00:19] [worker #5] Bootstrap tree #454, logLikelihood: -9008.197992
[00:00:19] [worker #4] Bootstrap tree #453, logLikelihood: -9068.993791
[00:00:19] [worker #7] Bootstrap tree #456, logLikelihood: -9248.839583
[00:00:19] [worker #3] Bootstrap tree #452, logLikelihood: -9232.163758
[00:00:19] [worker #1] Bootstrap tree #458, logLikelihood: -9360.316382
[00:00:19] [worker #0] Bootstrap tree #457, logLikelihood: -9316.488653
[00:00:19] [worker #6] Bootstrap tree #455, logLikelihood: -9610.304756
[00:00:20] [worker #2] Bootstrap tree #451, logLikelihood: -9321.361191
[00:00:20] [worker #4] Bootstrap tree #461, logLikelihood: -9421.167708
[00:00:20] [worker #7] Bootstrap tree #464, logLikelihood: -9381.794600
[00:00:20] [worker #1] Bootstrap tree #466, logLikelihood: -8869.892272
[00:00:20] [worker #5] Bootstrap tree #462, logLikelihood: -9193.482085
[00:00:20] [worker #0] Bootstrap tree #465, logLikelihood: -9407.572593
[00:00:20] [worker #6] Bootstrap tree #463, logLikelihood: -9427.358912
[00:00:20] [worker #3] Bootstrap tree #460, logLikelihood: -9361.741546
[00:00:20] [worker #2] Bootstrap tree #459, logLikelihood: -9498.240563
[00:00:20] [worker #4] Bootstrap tree #469, logLikelihood: -8977.239831
[00:00:20] [worker #5] Bootstrap tree #470, logLikelihood: -9142.763958
[00:00:20] [worker #1] Bootstrap tree #474, logLikelihood: -9227.953803
[00:00:20] [worker #7] Bootstrap tree #472, logLikelihood: -9326.859503
[00:00:20] [worker #0] Bootstrap tree #473, logLikelihood: -9175.614712
[00:00:20] [worker #6] Bootstrap tree #471, logLikelihood: -9364.929144
[00:00:20] [worker #2] Bootstrap tree #467, logLikelihood: -8988.569657
[00:00:20] [worker #3] Bootstrap tree #468, logLikelihood: -9297.673174
[00:00:20] [worker #4] Bootstrap tree #477, logLikelihood: -9220.753608
[00:00:20] [worker #7] Bootstrap tree #480, logLikelihood: -9201.934154
[00:00:20] [worker #5] Bootstrap tree #478, logLikelihood: -9075.621999
[00:00:20] [worker #0] Bootstrap tree #481, logLikelihood: -9264.925033
[00:00:20] [worker #6] Bootstrap tree #479, logLikelihood: -9257.808752
[00:00:20] [worker #1] Bootstrap tree #482, logLikelihood: -8917.434323
[00:00:20] [worker #2] Bootstrap tree #475, logLikelihood: -9281.160598
[00:00:21] [worker #3] Bootstrap tree #476, logLikelihood: -9547.976356
[00:00:21] [worker #4] Bootstrap tree #485, logLikelihood: -8972.064299
[00:00:21] [worker #1] Bootstrap tree #490, logLikelihood: -9199.217827
[00:00:21] [worker #2] Bootstrap tree #483, logLikelihood: -9435.700735
[00:00:21] [worker #5] Bootstrap tree #486, logLikelihood: -9163.138001
[00:00:21] [worker #6] Bootstrap tree #487, logLikelihood: -9054.459773
[00:00:21] [worker #7] Bootstrap tree #488, logLikelihood: -9438.805690
[00:00:21] [worker #0] Bootstrap tree #489, logLikelihood: -9246.526279
[00:00:21] [worker #3] Bootstrap tree #484, logLikelihood: -9070.037927
[00:00:21] [worker #4] Bootstrap tree #493, logLikelihood: -9316.281733
[00:00:21] [worker #6] Bootstrap tree #495, logLikelihood: -9376.860022
[00:00:21] [worker #1] Bootstrap tree #498, logLikelihood: -9165.521759
[00:00:21] [worker #5] Bootstrap tree #494, logLikelihood: -9194.342894
[00:00:21] [worker #7] Bootstrap tree #496, logLikelihood: -9337.263441
[00:00:21] [worker #2] Bootstrap tree #491, logLikelihood: -9635.880342
[00:00:21] [worker #0] Bootstrap tree #497, logLikelihood: -9326.734482
[00:00:21] [worker #3] Bootstrap tree #492, logLikelihood: -9231.547022
[00:00:21] [worker #2] Bootstrap tree #499, logLikelihood: -9269.218018
[00:00:21] [worker #3] Bootstrap tree #500, logLikelihood: -9329.925061
[00:00:22] [worker #1] Bootstrap tree #506, logLikelihood: -8885.742671
[00:00:22] [worker #0] Bootstrap tree #505, logLikelihood: -9205.991440
[00:00:22] [worker #6] Bootstrap tree #503, logLikelihood: -9161.462170
[00:00:22] [worker #2] Bootstrap tree #507, logLikelihood: -9178.202810
[00:00:22] [worker #7] Bootstrap tree #504, logLikelihood: -9391.665132
[00:00:22] [worker #5] Bootstrap tree #502, logLikelihood: -9401.313380
[00:00:22] [worker #4] Bootstrap tree #501, logLikelihood: -9305.694798
[00:00:22] [worker #3] Bootstrap tree #508, logLikelihood: -9506.083206
[00:00:22] [worker #6] Bootstrap tree #511, logLikelihood: -9223.127434
[00:00:22] [worker #7] Bootstrap tree #512, logLikelihood: -9307.990419
[00:00:22] [worker #2] Bootstrap tree #515, logLikelihood: -9317.626295
[00:00:22] [worker #1] Bootstrap tree #514, logLikelihood: -9317.707354
[00:00:22] [worker #0] Bootstrap tree #513, logLikelihood: -9466.645597
[00:00:22] [worker #6] Bootstrap tree #519, logLikelihood: -9444.567431
[00:00:22] [worker #4] Bootstrap tree #509, logLikelihood: -9050.524842
[00:00:22] [worker #3] Bootstrap tree #516, logLikelihood: -8968.285826
[00:00:22] [worker #5] Bootstrap tree #510, logLikelihood: -9265.866050
[00:00:22] [worker #0] Bootstrap tree #521, logLikelihood: -9269.729414
[00:00:22] [worker #2] Bootstrap tree #523, logLikelihood: -9406.114630
[00:00:22] [worker #1] Bootstrap tree #522, logLikelihood: -9246.691268
[00:00:22] [worker #6] Bootstrap tree #527, logLikelihood: -9455.172144
[00:00:22] [worker #7] Bootstrap tree #520, logLikelihood: -8913.774739
[00:00:23] [worker #5] Bootstrap tree #518, logLikelihood: -9167.135471
[00:00:23] [worker #4] Bootstrap tree #517, logLikelihood: -9313.073140
[00:00:23] [worker #3] Bootstrap tree #524, logLikelihood: -9182.280908
[00:00:23] [worker #2] Bootstrap tree #531, logLikelihood: -9051.222345
[00:00:23] [worker #1] Bootstrap tree #530, logLikelihood: -8994.183361
[00:00:23] [worker #0] Bootstrap tree #529, logLikelihood: -9236.724729
[00:00:23] [worker #6] Bootstrap tree #535, logLikelihood: -9133.587210
[00:00:23] [worker #4] Bootstrap tree #525, logLikelihood: -9742.552519
[00:00:23] [worker #7] Bootstrap tree #528, logLikelihood: -9181.274671
[00:00:23] [worker #5] Bootstrap tree #526, logLikelihood: -9310.933857
[00:00:23] [worker #3] Bootstrap tree #532, logLikelihood: -9554.178083
[00:00:23] [worker #6] Bootstrap tree #543, logLikelihood: -9288.694487
[00:00:23] [worker #2] Bootstrap tree #539, logLikelihood: -9188.311725
[00:00:23] [worker #1] Bootstrap tree #538, logLikelihood: -9485.489166
[00:00:23] [worker #0] Bootstrap tree #537, logLikelihood: -9233.212987
[00:00:23] [worker #3] Bootstrap tree #540, logLikelihood: -9242.290147
[00:00:23] [worker #5] Bootstrap tree #534, logLikelihood: -9208.978837
[00:00:23] [worker #4] Bootstrap tree #533, logLikelihood: -9244.485606
[00:00:23] [worker #7] Bootstrap tree #536, logLikelihood: -9323.330520
[00:00:23] [worker #2] Bootstrap tree #547, logLikelihood: -9366.712976
[00:00:23] [worker #1] Bootstrap tree #546, logLikelihood: -9121.008271
[00:00:23] [worker #0] Bootstrap tree #545, logLikelihood: -9413.009042
[00:00:23] [worker #5] Bootstrap tree #542, logLikelihood: -9239.824598
[00:00:23] [worker #4] Bootstrap tree #541, logLikelihood: -9379.799822
[00:00:23] [worker #7] Bootstrap tree #544, logLikelihood: -9307.451157
[00:00:24] [worker #3] Bootstrap tree #548, logLikelihood: -9555.654857
[00:00:24] [worker #5] Bootstrap tree #550, logLikelihood: -9415.128127
[00:00:24] [worker #4] Bootstrap tree #549, logLikelihood: -9380.312977
[00:00:24] [worker #1] Bootstrap tree #554, logLikelihood: -9003.653955
[00:00:24] [worker #7] Bootstrap tree #552, logLikelihood: -9373.262711
[00:00:24] [worker #3] Bootstrap tree #556, logLikelihood: -9227.395644
[00:00:24] [worker #2] Bootstrap tree #555, logLikelihood: -9299.731923
[00:00:24] [worker #5] Bootstrap tree #558, logLikelihood: -9218.490118
[00:00:24] [worker #0] Bootstrap tree #553, logLikelihood: -9208.585722
[00:00:24] [worker #4] Bootstrap tree #557, logLikelihood: -9468.099238
[00:00:24] [worker #1] Bootstrap tree #562, logLikelihood: -8950.019098
[00:00:24] [worker #7] Bootstrap tree #560, logLikelihood: -9066.451931
[00:00:24] [worker #6] Bootstrap tree #551, logLikelihood: -9190.625246
[00:00:25] [worker #3] Bootstrap tree #564, logLikelihood: -9273.585634
[00:00:25] [worker #2] Bootstrap tree #563, logLikelihood: -9275.677974
[00:00:25] [worker #5] Bootstrap tree #566, logLikelihood: -9296.031109
[00:00:25] [worker #0] Bootstrap tree #561, logLikelihood: -9020.947930
[00:00:25] [worker #4] Bootstrap tree #565, logLikelihood: -9511.892747
[00:00:25] [worker #6] Bootstrap tree #559, logLikelihood: -9512.260598
[00:00:25] [worker #1] Bootstrap tree #570, logLikelihood: -9262.056754
[00:00:25] [worker #7] Bootstrap tree #568, logLikelihood: -9291.108330
[00:00:25] [worker #3] Bootstrap tree #572, logLikelihood: -9301.460055
[00:00:25] [worker #2] Bootstrap tree #571, logLikelihood: -9294.041795
[00:00:25] [worker #0] Bootstrap tree #569, logLikelihood: -9189.010535
[00:00:25] [worker #5] Bootstrap tree #574, logLikelihood: -9200.708847
[00:00:25] [worker #6] Bootstrap tree #567, logLikelihood: -9212.948228
[00:00:25] [worker #4] Bootstrap tree #573, logLikelihood: -9320.292751
[00:00:25] [worker #2] Bootstrap tree #579, logLikelihood: -9381.069581
[00:00:25] [worker #1] Bootstrap tree #578, logLikelihood: -9170.775361
[00:00:25] [worker #7] Bootstrap tree #576, logLikelihood: -9157.314953
[00:00:25] [worker #0] Bootstrap tree #577, logLikelihood: -9059.859946
[00:00:25] [worker #3] Bootstrap tree #580, logLikelihood: -9250.105506
[00:00:25] [worker #6] Bootstrap tree #575, logLikelihood: -9066.116989
[00:00:25] [worker #4] Bootstrap tree #581, logLikelihood: -9271.967153
[00:00:25] [worker #5] Bootstrap tree #582, logLikelihood: -9660.752961
[00:00:25] [worker #1] Bootstrap tree #586, logLikelihood: -9491.130626
[00:00:25] [worker #7] Bootstrap tree #584, logLikelihood: -9352.348865
[00:00:25] [worker #2] Bootstrap tree #587, logLikelihood: -8895.409354
[00:00:25] [worker #0] Bootstrap tree #585, logLikelihood: -9234.357306
[00:00:26] [worker #3] Bootstrap tree #588, logLikelihood: -9193.629643
[00:00:26] [worker #6] Bootstrap tree #583, logLikelihood: -9124.646344
[00:00:26] [worker #5] Bootstrap tree #590, logLikelihood: -9290.944041
[00:00:26] [worker #4] Bootstrap tree #589, logLikelihood: -8971.592446
[00:00:26] [worker #0] Bootstrap tree #593, logLikelihood: -9402.427137
[00:00:26] [worker #1] Bootstrap tree #594, logLikelihood: -9383.330450
[00:00:26] [worker #7] Bootstrap tree #592, logLikelihood: -9073.421066
[00:00:26] [worker #2] Bootstrap tree #595, logLikelihood: -9418.758208
[00:00:26] [worker #6] Bootstrap tree #591, logLikelihood: -9160.644531
[00:00:26] [worker #3] Bootstrap tree #596, logLikelihood: -9313.023350
[00:00:26] [worker #5] Bootstrap tree #598, logLikelihood: -9321.802467
[00:00:26] [worker #4] Bootstrap tree #597, logLikelihood: -9487.391618
[00:00:26] [worker #7] Bootstrap tree #600, logLikelihood: -9303.897127
[00:00:26] [worker #6] Bootstrap tree #599, logLikelihood: -9425.255004
[00:00:27] [worker #2] Bootstrap tree #603, logLikelihood: -9254.382917
[00:00:27] [worker #6] Bootstrap tree #607, logLikelihood: -9021.901207
[00:00:27] [worker #3] Bootstrap tree #604, logLikelihood: -8960.387952
[00:00:27] [worker #7] Bootstrap tree #608, logLikelihood: -9361.669201
[00:00:27] [worker #5] Bootstrap tree #606, logLikelihood: -9276.175194
[00:00:27] [worker #1] Bootstrap tree #602, logLikelihood: -9323.738729
[00:00:27] [worker #4] Bootstrap tree #605, logLikelihood: -9083.282392
[00:00:27] [worker #0] Bootstrap tree #601, logLikelihood: -9319.600767
[00:00:27] [worker #2] Bootstrap tree #611, logLikelihood: -9301.713334
[00:00:27] [worker #6] Bootstrap tree #615, logLikelihood: -9254.809696
[00:00:27] [worker #3] Bootstrap tree #612, logLikelihood: -9059.950527
[00:00:27] [worker #5] Bootstrap tree #614, logLikelihood: -9154.510292
[00:00:27] [worker #7] Bootstrap tree #616, logLikelihood: -8909.361278
[00:00:27] [worker #1] Bootstrap tree #610, logLikelihood: -9111.836705
[00:00:27] [worker #0] Bootstrap tree #609, logLikelihood: -9427.673690
[00:00:27] [worker #4] Bootstrap tree #613, logLikelihood: -9443.090710
[00:00:27] [worker #2] Bootstrap tree #619, logLikelihood: -9412.699348
[00:00:27] [worker #3] Bootstrap tree #620, logLikelihood: -9095.498130
[00:00:27] [worker #6] Bootstrap tree #623, logLikelihood: -9566.642521
[00:00:27] [worker #5] Bootstrap tree #622, logLikelihood: -9417.536722
[00:00:27] [worker #0] Bootstrap tree #617, logLikelihood: -9229.253964
[00:00:27] [worker #1] Bootstrap tree #618, logLikelihood: -9293.250954
[00:00:27] [worker #7] Bootstrap tree #624, logLikelihood: -9528.998429
[00:00:27] [worker #3] Bootstrap tree #628, logLikelihood: -9138.944574
[00:00:27] [worker #4] Bootstrap tree #621, logLikelihood: -9229.654279
[00:00:27] [worker #2] Bootstrap tree #627, logLikelihood: -9513.796702
[00:00:27] [worker #6] Bootstrap tree #631, logLikelihood: -9124.549660
[00:00:28] [worker #5] Bootstrap tree #630, logLikelihood: -9426.305787
[00:00:28] [worker #1] Bootstrap tree #626, logLikelihood: -9156.270054
[00:00:28] [worker #0] Bootstrap tree #625, logLikelihood: -9132.274716
[00:00:28] [worker #4] Bootstrap tree #629, logLikelihood: -9476.326389
[00:00:28] [worker #2] Bootstrap tree #635, logLikelihood: -9281.848218
[00:00:28] [worker #3] Bootstrap tree #636, logLikelihood: -9451.614871
[00:00:28] [worker #7] Bootstrap tree #632, logLikelihood: -8986.711559
[00:00:28] [worker #6] Bootstrap tree #639, logLikelihood: -9159.056261
[00:00:28] [worker #0] Bootstrap tree #633, logLikelihood: -9328.036186
[00:00:28] [worker #5] Bootstrap tree #638, logLikelihood: -9341.353883
[00:00:28] [worker #1] Bootstrap tree #634, logLikelihood: -9251.425639
[00:00:28] [worker #2] Bootstrap tree #643, logLikelihood: -9208.025493
[00:00:28] [worker #4] Bootstrap tree #637, logLikelihood: -8997.225773
[00:00:28] [worker #3] Bootstrap tree #644, logLikelihood: -9227.030493
[00:00:28] [worker #7] Bootstrap tree #640, logLikelihood: -9126.512968
[00:00:28] [worker #6] Bootstrap tree #647, logLikelihood: -9459.629408
[00:00:28] [worker #5] Bootstrap tree #646, logLikelihood: -9195.062856
[00:00:28] [worker #1] Bootstrap tree #642, logLikelihood: -9246.933665
[00:00:28] [worker #4] Bootstrap tree #645, logLikelihood: -9141.988876
[00:00:28] [worker #0] Bootstrap tree #641, logLikelihood: -9222.721434
[00:00:28] [worker #7] Bootstrap tree #648, logLikelihood: -9524.742074
[00:00:28] [worker #1] Bootstrap tree #650, logLikelihood: -9468.269715
[00:00:29] [worker #0] Bootstrap tree #649, logLikelihood: -9053.708174
[00:00:29] [worker #6] Bootstrap tree #655, logLikelihood: -9109.298415
[00:00:29] [worker #5] Bootstrap tree #654, logLikelihood: -9270.522662
[00:00:29] [worker #2] Bootstrap tree #651, logLikelihood: -9078.453979
[00:00:29] [worker #7] Bootstrap tree #656, logLikelihood: -9229.575114
[00:00:29] [worker #3] Bootstrap tree #652, logLikelihood: -9172.645143
[00:00:29] [worker #4] Bootstrap tree #653, logLikelihood: -8970.142830
[00:00:29] [worker #0] Bootstrap tree #657, logLikelihood: -9243.851133
[00:00:29] [worker #1] Bootstrap tree #658, logLikelihood: -9019.406609
[00:00:29] [worker #3] Bootstrap tree #660, logLikelihood: -8939.323746
[00:00:29] [worker #5] Bootstrap tree #662, logLikelihood: -9411.217497
[00:00:29] [worker #2] Bootstrap tree #659, logLikelihood: -9415.241411
[00:00:29] [worker #7] Bootstrap tree #664, logLikelihood: -9093.623166
[00:00:29] [worker #4] Bootstrap tree #661, logLikelihood: -9220.135576
[00:00:29] [worker #6] Bootstrap tree #663, logLikelihood: -9290.159801
[00:00:29] [worker #0] Bootstrap tree #665, logLikelihood: -9297.991444
[00:00:29] [worker #1] Bootstrap tree #666, logLikelihood: -9326.135669
[00:00:29] [worker #3] Bootstrap tree #668, logLikelihood: -9404.359978
[00:00:29] [worker #5] Bootstrap tree #670, logLikelihood: -9168.563731
[00:00:29] [worker #2] Bootstrap tree #667, logLikelihood: -9245.068104
[00:00:29] [worker #7] Bootstrap tree #672, logLikelihood: -9077.022250
[00:00:30] [worker #6] Bootstrap tree #671, logLikelihood: -9533.168109
[00:00:30] [worker #4] Bootstrap tree #669, logLikelihood: -9186.041660
[00:00:30] [worker #1] Bootstrap tree #674, logLikelihood: -9369.010235
[00:00:30] [worker #0] Bootstrap tree #673, logLikelihood: -9284.699944
[00:00:30] [worker #5] Bootstrap tree #678, logLikelihood: -9023.724204
[00:00:30] [worker #2] Bootstrap tree #675, logLikelihood: -9265.415067
[00:00:30] [worker #3] Bootstrap tree #676, logLikelihood: -9180.046448
[00:00:30] [worker #7] Bootstrap tree #680, logLikelihood: -8920.209879
[00:00:30] [worker #4] Bootstrap tree #677, logLikelihood: -9090.598051
[00:00:30] [worker #6] Bootstrap tree #679, logLikelihood: -9309.774128
[00:00:30] [worker #0] Bootstrap tree #681, logLikelihood: -9366.878045
[00:00:30] [worker #2] Bootstrap tree #683, logLikelihood: -9192.055615
[00:00:30] [worker #1] Bootstrap tree #682, logLikelihood: -9338.740755
[00:00:30] [worker #3] Bootstrap tree #684, logLikelihood: -9369.252934
[00:00:30] [worker #5] Bootstrap tree #686, logLikelihood: -9272.490350
[00:00:30] [worker #7] Bootstrap tree #688, logLikelihood: -9280.468884
[00:00:30] [worker #4] Bootstrap tree #685, logLikelihood: -9330.373992
[00:00:30] [worker #6] Bootstrap tree #687, logLikelihood: -9227.835823
[00:00:30] [worker #0] Bootstrap tree #689, logLikelihood: -9394.492869
[00:00:30] [worker #5] Bootstrap tree #694, logLikelihood: -9252.175450
[00:00:30] [worker #2] Bootstrap tree #691, logLikelihood: -9277.586019
[00:00:30] [worker #3] Bootstrap tree #692, logLikelihood: -9539.275858
[00:00:30] [worker #6] Bootstrap tree #695, logLikelihood: -9519.134066
[00:00:30] [worker #7] Bootstrap tree #696, logLikelihood: -9260.394891
[00:00:30] [worker #1] Bootstrap tree #690, logLikelihood: -9558.631077
[00:00:30] [worker #4] Bootstrap tree #693, logLikelihood: -9337.332579
[00:00:31] [worker #2] Bootstrap tree #699, logLikelihood: -8980.384951
[00:00:31] [worker #3] Bootstrap tree #700, logLikelihood: -9241.234474
[00:00:31] [worker #0] Bootstrap tree #697, logLikelihood: -9402.739877
[00:00:31] [worker #1] Bootstrap tree #698, logLikelihood: -9155.605690
[00:00:31] [worker #7] Bootstrap tree #704, logLikelihood: -9238.718686
[00:00:31] [worker #1] Bootstrap tree #706, logLikelihood: -9095.133749
[00:00:31] [worker #3] Bootstrap tree #708, logLikelihood: -9270.020866
[00:00:31] [worker #0] Bootstrap tree #705, logLikelihood: -8972.046593
[00:00:31] [worker #4] Bootstrap tree #701, logLikelihood: -9376.368376
[00:00:31] [worker #6] Bootstrap tree #703, logLikelihood: -9084.917221
[00:00:31] [worker #5] Bootstrap tree #702, logLikelihood: -9335.902886
[00:00:31] [worker #2] Bootstrap tree #707, logLikelihood: -9125.850280
[00:00:31] [worker #7] Bootstrap tree #712, logLikelihood: -9391.831245
[00:00:31] [worker #0] Bootstrap tree #713, logLikelihood: -8934.109381
[00:00:31] [worker #3] Bootstrap tree #716, logLikelihood: -9464.588107
[00:00:31] [worker #1] Bootstrap tree #714, logLikelihood: -9382.646629
[00:00:31] [worker #4] Bootstrap tree #709, logLikelihood: -9325.012046
[00:00:31] [worker #2] Bootstrap tree #715, logLikelihood: -9082.735581
[00:00:31] [worker #5] Bootstrap tree #710, logLikelihood: -9091.889303
[00:00:31] [worker #6] Bootstrap tree #711, logLikelihood: -9135.771865
[00:00:31] [worker #7] Bootstrap tree #720, logLikelihood: -9285.580239
[00:00:32] [worker #0] Bootstrap tree #721, logLikelihood: -9317.209079
[00:00:32] [worker #3] Bootstrap tree #724, logLikelihood: -9194.917018
[00:00:32] [worker #2] Bootstrap tree #723, logLikelihood: -9414.621544
[00:00:32] [worker #1] Bootstrap tree #722, logLikelihood: -9178.071895
[00:00:32] [worker #4] Bootstrap tree #717, logLikelihood: -9389.240297
[00:00:32] [worker #5] Bootstrap tree #718, logLikelihood: -9586.568398
[00:00:32] [worker #6] Bootstrap tree #719, logLikelihood: -9444.048700
[00:00:32] [worker #7] Bootstrap tree #728, logLikelihood: -9107.464010
[00:00:32] [worker #0] Bootstrap tree #729, logLikelihood: -9228.266178
[00:00:32] [worker #3] Bootstrap tree #732, logLikelihood: -9111.454395
[00:00:32] [worker #2] Bootstrap tree #731, logLikelihood: -9244.208366
[00:00:32] [worker #1] Bootstrap tree #730, logLikelihood: -9378.019707
[00:00:32] [worker #4] Bootstrap tree #725, logLikelihood: -9500.107132
[00:00:32] [worker #6] Bootstrap tree #727, logLikelihood: -9181.758080
[00:00:32] [worker #5] Bootstrap tree #726, logLikelihood: -9361.534317
[00:00:32] [worker #7] Bootstrap tree #736, logLikelihood: -9456.431809
[00:00:32] [worker #3] Bootstrap tree #740, logLikelihood: -9170.397006
[00:00:32] [worker #0] Bootstrap tree #737, logLikelihood: -9211.173964
[00:00:32] [worker #2] Bootstrap tree #739, logLikelihood: -9410.534970
[00:00:32] [worker #1] Bootstrap tree #738, logLikelihood: -9440.667903
[00:00:32] [worker #4] Bootstrap tree #733, logLikelihood: -9386.905727
[00:00:32] [worker #7] Bootstrap tree #744, logLikelihood: -9109.487847
[00:00:32] [worker #0] Bootstrap tree #745, logLikelihood: -9268.732560
[00:00:32] [worker #6] Bootstrap tree #735, logLikelihood: -9380.394429
[00:00:32] [worker #3] Bootstrap tree #748, logLikelihood: -9093.075425
[00:00:32] [worker #5] Bootstrap tree #734, logLikelihood: -9230.689313
[00:00:33] [worker #1] Bootstrap tree #746, logLikelihood: -8896.867171
[00:00:33] [worker #2] Bootstrap tree #747, logLikelihood: -9186.910261
[00:00:33] [worker #4] Bootstrap tree #741, logLikelihood: -9339.248981
[00:00:33] [worker #5] Bootstrap tree #742, logLikelihood: -9395.380983
[00:00:33] [worker #6] Bootstrap tree #743, logLikelihood: -9614.571016
[00:00:33] [worker #4] Bootstrap tree #749, logLikelihood: -9235.947843
[00:00:33] [worker #5] Bootstrap tree #750, logLikelihood: -9410.788513
[00:00:33] [worker #7] Bootstrap tree #752, logLikelihood: -9069.502101
[00:00:33] [worker #0] Bootstrap tree #753, logLikelihood: -9282.534092
[00:00:33] [worker #6] Bootstrap tree #751, logLikelihood: -9498.895356
[00:00:33] [worker #3] Bootstrap tree #756, logLikelihood: -9457.345670
[00:00:33] [worker #5] Bootstrap tree #758, logLikelihood: -9258.041130
[00:00:33] [worker #1] Bootstrap tree #754, logLikelihood: -8972.603256
[00:00:33] [worker #4] Bootstrap tree #757, logLikelihood: -9454.910055
[00:00:33] [worker #2] Bootstrap tree #755, logLikelihood: -9194.545248
[00:00:34] [worker #7] Bootstrap tree #760, logLikelihood: -9356.945384
[00:00:34] [worker #6] Bootstrap tree #759, logLikelihood: -9386.724992
[00:00:34] [worker #3] Bootstrap tree #764, logLikelihood: -9331.953562
[00:00:34] [worker #1] Bootstrap tree #762, logLikelihood: -9067.843055
[00:00:34] [worker #2] Bootstrap tree #763, logLikelihood: -8972.191072
[00:00:34] [worker #5] Bootstrap tree #766, logLikelihood: -9042.903147
[00:00:34] [worker #0] Bootstrap tree #761, logLikelihood: -9152.121594
[00:00:34] [worker #4] Bootstrap tree #765, logLikelihood: -9318.783119
[00:00:34] [worker #7] Bootstrap tree #768, logLikelihood: -9293.770275
[00:00:34] [worker #6] Bootstrap tree #767, logLikelihood: -9140.769944
[00:00:34] [worker #1] Bootstrap tree #770, logLikelihood: -9319.132461
[00:00:34] [worker #2] Bootstrap tree #771, logLikelihood: -9318.672070
[00:00:34] [worker #3] Bootstrap tree #772, logLikelihood: -9113.661353
[00:00:34] [worker #0] Bootstrap tree #769, logLikelihood: -9073.319703
[00:00:34] [worker #5] Bootstrap tree #774, logLikelihood: -9364.129424
[00:00:34] [worker #4] Bootstrap tree #773, logLikelihood: -9189.121485
[00:00:34] [worker #7] Bootstrap tree #776, logLikelihood: -9382.102236
[00:00:34] [worker #1] Bootstrap tree #778, logLikelihood: -9216.693183
[00:00:34] [worker #0] Bootstrap tree #777, logLikelihood: -9139.048262
[00:00:34] [worker #2] Bootstrap tree #779, logLikelihood: -9202.242508
[00:00:34] [worker #6] Bootstrap tree #775, logLikelihood: -9122.801900
[00:00:34] [worker #3] Bootstrap tree #780, logLikelihood: -9487.584205
[00:00:34] [worker #5] Bootstrap tree #782, logLikelihood: -9373.547422
[00:00:34] [worker #7] Bootstrap tree #784, logLikelihood: -8833.554081
[00:00:34] [worker #4] Bootstrap tree #781, logLikelihood: -9101.966730
[00:00:34] [worker #1] Bootstrap tree #786, logLikelihood: -9263.970371
[00:00:35] [worker #0] Bootstrap tree #785, logLikelihood: -9312.484015
[00:00:35] [worker #2] Bootstrap tree #787, logLikelihood: -9537.595893
[00:00:35] [worker #6] Bootstrap tree #783, logLikelihood: -9398.468794
[00:00:35] [worker #3] Bootstrap tree #788, logLikelihood: -9194.421347
[00:00:35] [worker #5] Bootstrap tree #790, logLikelihood: -9366.266304
[00:00:35] [worker #7] Bootstrap tree #792, logLikelihood: -9250.545231
[00:00:35] [worker #1] Bootstrap tree #794, logLikelihood: -9222.875568
[00:00:35] [worker #2] Bootstrap tree #795, logLikelihood: -9099.842484
[00:00:35] [worker #4] Bootstrap tree #789, logLikelihood: -9274.258883
[00:00:35] [worker #6] Bootstrap tree #791, logLikelihood: -9162.036381
[00:00:35] [worker #5] Bootstrap tree #798, logLikelihood: -9468.608018
[00:00:35] [worker #0] Bootstrap tree #793, logLikelihood: -9076.071766
[00:00:35] [worker #3] Bootstrap tree #796, logLikelihood: -9217.977215
[00:00:35] [worker #7] Bootstrap tree #800, logLikelihood: -9237.495654
[00:00:35] [worker #4] Bootstrap tree #797, logLikelihood: -9370.541936
[00:00:35] [worker #6] Bootstrap tree #799, logLikelihood: -9386.337536
[00:00:36] [worker #0] Bootstrap tree #801, logLikelihood: -9292.890771
[00:00:36] [worker #5] Bootstrap tree #806, logLikelihood: -9212.942836
[00:00:36] [worker #7] Bootstrap tree #808, logLikelihood: -9016.611057
[00:00:36] [worker #1] Bootstrap tree #802, logLikelihood: -9645.579549
[00:00:36] [worker #3] Bootstrap tree #804, logLikelihood: -9343.974972
[00:00:36] [worker #2] Bootstrap tree #803, logLikelihood: -9186.256776
[00:00:36] [worker #4] Bootstrap tree #805, logLikelihood: -9154.191276
[00:00:36] [worker #6] Bootstrap tree #807, logLikelihood: -8940.547837
[00:00:36] [worker #5] Bootstrap tree #814, logLikelihood: -9078.050300
[00:00:36] [worker #7] Bootstrap tree #816, logLikelihood: -9109.151205
[00:00:36] [worker #0] Bootstrap tree #809, logLikelihood: -9436.917382
[00:00:36] [worker #2] Bootstrap tree #811, logLikelihood: -9140.949989
[00:00:36] [worker #6] Bootstrap tree #815, logLikelihood: -9384.226473
[00:00:36] [worker #3] Bootstrap tree #812, logLikelihood: -9208.200169
[00:00:36] [worker #4] Bootstrap tree #813, logLikelihood: -9522.171016
[00:00:36] [worker #1] Bootstrap tree #810, logLikelihood: -9474.579154
[00:00:36] [worker #5] Bootstrap tree #822, logLikelihood: -9071.135571
[00:00:36] [worker #4] Bootstrap tree #821, logLikelihood: -9362.503834
[00:00:36] [worker #1] Bootstrap tree #818, logLikelihood: -9073.593573
[00:00:36] [worker #2] Bootstrap tree #819, logLikelihood: -9454.854891
[00:00:36] [worker #7] Bootstrap tree #824, logLikelihood: -9173.228314
[00:00:36] [worker #6] Bootstrap tree #823, logLikelihood: -9434.774379
[00:00:36] [worker #0] Bootstrap tree #817, logLikelihood: -9452.499849
[00:00:36] [worker #3] Bootstrap tree #820, logLikelihood: -9235.882239
[00:00:36] [worker #5] Bootstrap tree #830, logLikelihood: -9178.705204
[00:00:37] [worker #2] Bootstrap tree #827, logLikelihood: -9321.062605
[00:00:37] [worker #4] Bootstrap tree #829, logLikelihood: -9315.100593
[00:00:37] [worker #7] Bootstrap tree #832, logLikelihood: -9463.314796
[00:00:37] [worker #1] Bootstrap tree #826, logLikelihood: -9138.799702
[00:00:37] [worker #0] Bootstrap tree #825, logLikelihood: -9343.049709
[00:00:37] [worker #3] Bootstrap tree #828, logLikelihood: -9389.759534
[00:00:37] [worker #6] Bootstrap tree #831, logLikelihood: -9332.751166
[00:00:37] [worker #2] Bootstrap tree #835, logLikelihood: -9172.179179
[00:00:37] [worker #5] Bootstrap tree #838, logLikelihood: -9292.643063
[00:00:37] [worker #4] Bootstrap tree #837, logLikelihood: -9129.214470
[00:00:37] [worker #7] Bootstrap tree #840, logLikelihood: -9173.034476
[00:00:37] [worker #1] Bootstrap tree #834, logLikelihood: -9320.066418
[00:00:37] [worker #6] Bootstrap tree #839, logLikelihood: -9197.442914
[00:00:37] [worker #0] Bootstrap tree #833, logLikelihood: -9262.129878
[00:00:37] [worker #3] Bootstrap tree #836, logLikelihood: -9406.172996
[00:00:37] [worker #4] Bootstrap tree #845, logLikelihood: -9180.385143
[00:00:37] [worker #2] Bootstrap tree #843, logLikelihood: -9072.914870
[00:00:37] [worker #1] Bootstrap tree #842, logLikelihood: -9253.127344
[00:00:37] [worker #7] Bootstrap tree #848, logLikelihood: -9609.787788
[00:00:37] [worker #3] Bootstrap tree #844, logLikelihood: -9167.809170
[00:00:37] [worker #5] Bootstrap tree #846, logLikelihood: -9069.053128
[00:00:37] [worker #0] Bootstrap tree #841, logLikelihood: -9358.125111
[00:00:37] [worker #6] Bootstrap tree #847, logLikelihood: -9216.412002
[00:00:38] [worker #1] Bootstrap tree #850, logLikelihood: -9270.952951
[00:00:38] [worker #0] Bootstrap tree #849, logLikelihood: -9281.245419
[00:00:38] [worker #6] Bootstrap tree #855, logLikelihood: -9261.022814
[00:00:38] [worker #7] Bootstrap tree #856, logLikelihood: -9186.105685
[00:00:38] [worker #4] Bootstrap tree #853, logLikelihood: -9129.317066
[00:00:38] [worker #1] Bootstrap tree #858, logLikelihood: -9417.374997
[00:00:38] [worker #0] Bootstrap tree #857, logLikelihood: -9208.669478
[00:00:38] [worker #5] Bootstrap tree #854, logLikelihood: -9676.833883
[00:00:38] [worker #2] Bootstrap tree #851, logLikelihood: -9423.590489
[00:00:38] [worker #3] Bootstrap tree #852, logLikelihood: -9047.429881
[00:00:38] [worker #7] Bootstrap tree #864, logLikelihood: -9279.568651
[00:00:38] [worker #6] Bootstrap tree #863, logLikelihood: -9113.450768
[00:00:38] [worker #4] Bootstrap tree #861, logLikelihood: -9012.679132
[00:00:38] [worker #1] Bootstrap tree #866, logLikelihood: -9547.860603
[00:00:38] [worker #0] Bootstrap tree #865, logLikelihood: -9311.361006
[00:00:38] [worker #2] Bootstrap tree #859, logLikelihood: -9435.362191
[00:00:38] [worker #3] Bootstrap tree #860, logLikelihood: -9053.756956
[00:00:38] [worker #5] Bootstrap tree #862, logLikelihood: -9309.857888
[00:00:39] [worker #7] Bootstrap tree #872, logLikelihood: -9291.889182
[00:00:39] [worker #4] Bootstrap tree #869, logLikelihood: -9429.773187
[00:00:39] [worker #1] Bootstrap tree #874, logLikelihood: -9292.394075
[00:00:39] [worker #6] Bootstrap tree #871, logLikelihood: -9095.762135
[00:00:39] [worker #0] Bootstrap tree #873, logLikelihood: -9463.859746
[00:00:39] [worker #2] Bootstrap tree #867, logLikelihood: -8976.443236
[00:00:39] [worker #5] Bootstrap tree #870, logLikelihood: -9141.962676
[00:00:39] [worker #3] Bootstrap tree #868, logLikelihood: -9239.762841
[00:00:39] [worker #7] Bootstrap tree #880, logLikelihood: -9318.870566
[00:00:39] [worker #6] Bootstrap tree #879, logLikelihood: -9363.532106
[00:00:39] [worker #2] Bootstrap tree #875, logLikelihood: -8952.745941
[00:00:39] [worker #1] Bootstrap tree #882, logLikelihood: -9006.405296
[00:00:39] [worker #4] Bootstrap tree #877, logLikelihood: -9127.488510
[00:00:39] [worker #3] Bootstrap tree #876, logLikelihood: -9094.780226
[00:00:39] [worker #0] Bootstrap tree #881, logLikelihood: -9307.529125
[00:00:39] [worker #5] Bootstrap tree #878, logLikelihood: -9184.934729
[00:00:39] [worker #7] Bootstrap tree #888, logLikelihood: -9058.143421
[00:00:39] [worker #6] Bootstrap tree #887, logLikelihood: -9420.765654
[00:00:39] [worker #1] Bootstrap tree #890, logLikelihood: -9062.089276
[00:00:39] [worker #2] Bootstrap tree #883, logLikelihood: -9224.571188
[00:00:39] [worker #5] Bootstrap tree #886, logLikelihood: -9197.713145
[00:00:39] [worker #4] Bootstrap tree #885, logLikelihood: -9083.168320
[00:00:39] [worker #0] Bootstrap tree #889, logLikelihood: -9151.051221
[00:00:39] [worker #3] Bootstrap tree #884, logLikelihood: -9176.684753
[00:00:40] [worker #7] Bootstrap tree #896, logLikelihood: -9275.707926
[00:00:40] [worker #6] Bootstrap tree #895, logLikelihood: -9344.425167
[00:00:40] [worker #1] Bootstrap tree #898, logLikelihood: -9439.180693
[00:00:40] [worker #2] Bootstrap tree #891, logLikelihood: -9405.945340
[00:00:40] [worker #4] Bootstrap tree #893, logLikelihood: -9207.067117
[00:00:40] [worker #0] Bootstrap tree #897, logLikelihood: -9176.070404
[00:00:40] [worker #5] Bootstrap tree #894, logLikelihood: -9179.239183
[00:00:40] [worker #3] Bootstrap tree #892, logLikelihood: -9328.359561
[00:00:40] [worker #2] Bootstrap tree #899, logLikelihood: -8986.817136
[00:00:40] [worker #3] Bootstrap tree #900, logLikelihood: -9459.639642
[00:00:41] [worker #0] Bootstrap tree #905, logLikelihood: -8918.105163
[00:00:41] [worker #1] Bootstrap tree #906, logLikelihood: -9296.703771
[00:00:41] [worker #7] Bootstrap tree #904, logLikelihood: -9314.621100
[00:00:41] [worker #6] Bootstrap tree #903, logLikelihood: -9172.784091
[00:00:41] [worker #4] Bootstrap tree #901, logLikelihood: -9525.303282
[00:00:41] [worker #3] Bootstrap tree #908, logLikelihood: -9377.658738
[00:00:41] [worker #2] Bootstrap tree #907, logLikelihood: -9283.297711
[00:00:41] [worker #5] Bootstrap tree #902, logLikelihood: -9100.257510
[00:00:41] [worker #1] Bootstrap tree #914, logLikelihood: -9515.121094
[00:00:41] [worker #2] Bootstrap tree #915, logLikelihood: -9486.978340
[00:00:41] [worker #4] Bootstrap tree #909, logLikelihood: -9112.292298
[00:00:41] [worker #6] Bootstrap tree #911, logLikelihood: -8979.126015
[00:00:41] [worker #7] Bootstrap tree #912, logLikelihood: -9372.401156
[00:00:41] [worker #0] Bootstrap tree #913, logLikelihood: -9203.030530
[00:00:41] [worker #3] Bootstrap tree #916, logLikelihood: -8984.079408
[00:00:41] [worker #5] Bootstrap tree #910, logLikelihood: -9121.382554
[00:00:41] [worker #1] Bootstrap tree #922, logLikelihood: -9411.837933
[00:00:41] [worker #2] Bootstrap tree #923, logLikelihood: -9120.860151
[00:00:41] [worker #0] Bootstrap tree #921, logLikelihood: -9243.541941
[00:00:41] [worker #6] Bootstrap tree #919, logLikelihood: -9433.509542
[00:00:41] [worker #4] Bootstrap tree #917, logLikelihood: -9405.798113
[00:00:41] [worker #5] Bootstrap tree #918, logLikelihood: -9156.779752
[00:00:41] [worker #3] Bootstrap tree #924, logLikelihood: -9473.800271
[00:00:41] [worker #7] Bootstrap tree #920, logLikelihood: -9283.216914
[00:00:41] [worker #1] Bootstrap tree #930, logLikelihood: -9445.896153
[00:00:42] [worker #2] Bootstrap tree #931, logLikelihood: -9233.799091
[00:00:42] [worker #4] Bootstrap tree #925, logLikelihood: -9180.877223
[00:00:42] [worker #0] Bootstrap tree #929, logLikelihood: -9379.673479
[00:00:42] [worker #6] Bootstrap tree #927, logLikelihood: -9049.930014
[00:00:42] [worker #5] Bootstrap tree #926, logLikelihood: -9242.262279
[00:00:42] [worker #3] Bootstrap tree #932, logLikelihood: -9142.934834
[00:00:42] [worker #7] Bootstrap tree #928, logLikelihood: -9287.332787
[00:00:42] [worker #2] Bootstrap tree #939, logLikelihood: -9253.500991
[00:00:42] [worker #4] Bootstrap tree #933, logLikelihood: -9182.853061
[00:00:42] [worker #1] Bootstrap tree #938, logLikelihood: -9482.713150
[00:00:42] [worker #0] Bootstrap tree #937, logLikelihood: -9081.939192
[00:00:42] [worker #6] Bootstrap tree #935, logLikelihood: -9159.680079
[00:00:42] [worker #5] Bootstrap tree #934, logLikelihood: -9133.848601
[00:00:42] [worker #3] Bootstrap tree #940, logLikelihood: -9185.639605
[00:00:42] [worker #2] Bootstrap tree #947, logLikelihood: -9458.167363
[00:00:42] [worker #7] Bootstrap tree #936, logLikelihood: -8957.213655
[00:00:42] [worker #1] Bootstrap tree #946, logLikelihood: -9474.861270
[00:00:42] [worker #4] Bootstrap tree #941, logLikelihood: -9613.430857
[00:00:42] [worker #6] Bootstrap tree #943, logLikelihood: -9098.512817
[00:00:42] [worker #0] Bootstrap tree #945, logLikelihood: -9095.326958
[00:00:42] [worker #5] Bootstrap tree #942, logLikelihood: -9473.651677
[00:00:42] [worker #3] Bootstrap tree #948, logLikelihood: -8972.516055
[00:00:42] [worker #7] Bootstrap tree #944, logLikelihood: -9290.994582
[00:00:42] [worker #4] Bootstrap tree #949, logLikelihood: -9461.366074
[00:00:43] [worker #5] Bootstrap tree #950, logLikelihood: -8852.077412
[00:00:43] [worker #6] Bootstrap tree #951, logLikelihood: -9312.394400
[00:00:43] [worker #7] Bootstrap tree #952, logLikelihood: -9271.365989
[00:00:43] [worker #3] Bootstrap tree #956, logLikelihood: -9107.265215
[00:00:43] [worker #1] Bootstrap tree #954, logLikelihood: -9123.555097
[00:00:43] [worker #4] Bootstrap tree #957, logLikelihood: -9263.499539
[00:00:43] [worker #5] Bootstrap tree #958, logLikelihood: -9555.816856
[00:00:43] [worker #0] Bootstrap tree #953, logLikelihood: -9185.384005
[00:00:43] [worker #2] Bootstrap tree #955, logLikelihood: -9508.482876
[00:00:43] [worker #6] Bootstrap tree #959, logLikelihood: -9348.744725
[00:00:43] [worker #1] Bootstrap tree #962, logLikelihood: -9215.637912
[00:00:43] [worker #3] Bootstrap tree #964, logLikelihood: -9301.588501
[00:00:43] [worker #4] Bootstrap tree #965, logLikelihood: -9045.069231
[00:00:43] [worker #0] Bootstrap tree #961, logLikelihood: -9191.479244
[00:00:43] [worker #7] Bootstrap tree #960, logLikelihood: -9228.984366
[00:00:43] [worker #2] Bootstrap tree #963, logLikelihood: -9615.576045
[00:00:44] [worker #5] Bootstrap tree #966, logLikelihood: -8994.735757
[00:00:44] [worker #6] Bootstrap tree #967, logLikelihood: -9260.913093
[00:00:44] [worker #3] Bootstrap tree #972, logLikelihood: -9252.148014
[00:00:44] [worker #2] Bootstrap tree #971, logLikelihood: -9164.359235
[00:00:44] [worker #1] Bootstrap tree #970, logLikelihood: -9190.868422
[00:00:44] [worker #0] Bootstrap tree #969, logLikelihood: -9231.948650
[00:00:44] [worker #5] Bootstrap tree #974, logLikelihood: -9259.741678
[00:00:44] [worker #7] Bootstrap tree #968, logLikelihood: -9215.456234
[00:00:44] [worker #4] Bootstrap tree #973, logLikelihood: -9363.443328
[00:00:44] [worker #3] Bootstrap tree #980, logLikelihood: -9195.171205
[00:00:44] [worker #6] Bootstrap tree #975, logLikelihood: -9612.127422
[00:00:44] [worker #1] Bootstrap tree #978, logLikelihood: -8994.312510
[00:00:44] [worker #2] Bootstrap tree #979, logLikelihood: -9356.682951
[00:00:44] [worker #0] Bootstrap tree #977, logLikelihood: -9274.694461
[00:00:44] [worker #7] Bootstrap tree #976, logLikelihood: -9098.288499
[00:00:44] [worker #5] Bootstrap tree #982, logLikelihood: -9211.339405
[00:00:44] [worker #3] Bootstrap tree #988, logLikelihood: -8940.924738
[00:00:44] [worker #6] Bootstrap tree #983, logLikelihood: -9450.784591
[00:00:44] [worker #4] Bootstrap tree #981, logLikelihood: -9099.090434
[00:00:44] [worker #1] Bootstrap tree #986, logLikelihood: -8967.566480
[00:00:44] [worker #5] Bootstrap tree #990, logLikelihood: -9387.990621
[00:00:44] [worker #7] Bootstrap tree #984, logLikelihood: -9388.374840
[00:00:44] [worker #2] Bootstrap tree #987, logLikelihood: -9272.910381
[00:00:44] [worker #0] Bootstrap tree #985, logLikelihood: -9096.682322
[00:00:44] [worker #3] Bootstrap tree #996, logLikelihood: -9281.133841
[00:00:45] [worker #4] Bootstrap tree #989, logLikelihood: -9433.558839
[00:00:45] [worker #6] Bootstrap tree #991, logLikelihood: -9167.610008
[00:00:45] [worker #1] Bootstrap tree #994, logLikelihood: -9127.157890
[00:00:45] [worker #2] Bootstrap tree #995, logLikelihood: -9167.212536
[00:00:45] [worker #5] Bootstrap tree #998, logLikelihood: -8996.830565
[00:00:45] [worker #7] Bootstrap tree #992, logLikelihood: -9179.146199
[00:00:45] [worker #4] Bootstrap tree #997, logLikelihood: -9315.790444
[00:00:45] [worker #6] Bootstrap tree #999, logLikelihood: -9422.784344
[00:00:45] [worker #0] Bootstrap tree #993, logLikelihood: -9330.190503
[00:00:45] [worker #7] Bootstrap tree #1000, logLikelihood: -9197.087083

Bootstrap trees saved to: /Users/avapreble/plpath563/results/mafft_boot.raxml.bootstraps

Execution log saved to: /Users/avapreble/plpath563/results/mafft_boot.raxml.log

Analysis started: 12-Mar-2026 13:22:20 / finished: 12-Mar-2026 13:23:06

Elapsed time: 45.679 seconds

